[themeht.com/template/sofeland/ltr/index.html]
[backblue.gif]
[fade.gif]
[index.html]
[themeht.com/template/sofeland/ltr/images/favicon.ico]
[themeht.com/template/sofeland/ltr/css/bootstrap.min.css]
[themeht.com/template/sofeland/ltr/css/animate.css]
[themeht.com/template/sofeland/ltr/css/bootstrap-icons.css]
[themeht.com/template/sofeland/ltr/css/sofeland-icon.css]
[themeht.com/template/sofeland/ltr/css/magnific-popup/magnific-popup.css]
[themeht.com/template/sofeland/ltr/css/owl-carousel/owl.carousel.css]
[themeht.com/template/sofeland/ltr/css/base.css]
[themeht.com/template/sofeland/ltr/css/shortcodes.css]
[themeht.com/template/sofeland/ltr/css/style.css]
[themeht.com/template/sofeland/ltr/css/responsive.css]
[themeht.com/template/sofeland/ltr/css/color-customize/color-customizer.css]
[themeht.com/template/sofeland/ltr/index-2.html]
[themeht.com/template/sofeland/ltr/images/logo.png]
[themeht.com/template/sofeland/ltr/about-us.html]
[themeht.com/template/sofeland/ltr/about-us-2.html]
[themeht.com/template/sofeland/ltr/services.html]
[themeht.com/template/sofeland/ltr/services-2.html]
[themeht.com/template/sofeland/ltr/team.html]
[themeht.com/template/sofeland/ltr/team-single.html]
[themeht.com/template/sofeland/ltr/faq.html]
[themeht.com/template/sofeland/ltr/blog-grid-2.html]
[themeht.com/template/sofeland/ltr/blog-left-sidebar.html]
[themeht.com/template/sofeland/ltr/blog-right-sidebar.html]
[themeht.com/template/sofeland/ltr/blog-single.html]
[themeht.com/template/sofeland/ltr/shortcode-accordions.html]
[themeht.com/template/sofeland/ltr/shortcode-blog-post.html]
[themeht.com/template/sofeland/ltr/shortcode-counter.html]
[themeht.com/template/sofeland/ltr/shortcode-feature-box.html]
[themeht.com/template/sofeland/ltr/shortcode-pricing.html]
[themeht.com/template/sofeland/ltr/shortcode-team.html]
[themeht.com/template/sofeland/ltr/shortcode-testimonial.html]
[themeht.com/template/sofeland/ltr/contact.html]
[themeht.com/template/sofeland/ltr/contact-2.html]
[themeht.com/template/sofeland/ltr/coming-soon.html]
[themeht.com/template/sofeland/ltr/error-404.html]
[themeht.com/template/sofeland/ltr/login.html]
[themeht.com/template/sofeland/ltr/images/bg/01.png]
[themeht.com/template/sofeland/ltr/images/banner/01.png]
[themeht.com/template/sofeland/ltr/images/small-icon/01.png]
[themeht.com/template/sofeland/ltr/images/small-icon/02.png]
[themeht.com/template/sofeland/ltr/images/bg/02.png]
[themeht.com/template/sofeland/ltr/images/banner/03.jpg]
[themeht.com/template/sofeland/ltr/images/pattern/04.png]
[themeht.com/template/sofeland/ltr/images/about/04.png]
[themeht.com/template/sofeland/ltr/images/team/01.jpg]
[themeht.com/template/sofeland/ltr/images/team/02.jpg]
[themeht.com/template/sofeland/ltr/images/team/03.jpg]
[themeht.com/template/sofeland/ltr/images/team/04.jpg]
[themeht.com/template/sofeland/ltr/images/client/07.png]
[themeht.com/template/sofeland/ltr/images/client/08.png]
[themeht.com/template/sofeland/ltr/images/client/09.png]
[themeht.com/template/sofeland/ltr/images/client/10.png]
[themeht.com/template/sofeland/ltr/images/pattern/01.png]
[themeht.com/template/sofeland/ltr/images/bg/03.png]
[themeht.com/template/sofeland/ltr/images/testimonial/01.jpg]
[themeht.com/template/sofeland/ltr/images/testimonial/02.jpg]
[themeht.com/template/sofeland/ltr/images/testimonial/03.jpg]
[themeht.com/template/sofeland/ltr/images/blog/01.jpg]
[themeht.com/template/sofeland/ltr/images/blog/02.jpg]
[themeht.com/template/sofeland/ltr/images/blog/03.jpg]
[themeht.com/template/sofeland/ltr/images/bg/05.png]
[themeht.com/template/sofeland/ltr/privacy-policy.html]
[themeht.com/template/sofeland/ltr/terms-and-conditions.html]
[themeht.com/template/sofeland/ltr/js/theme.js]
[themeht.com/template/sofeland/ltr/js/owl-carousel/owl.carousel.min.js]
[themeht.com/template/sofeland/ltr/js/magnific-popup/jquery.magnific-popup.min.js]
[themeht.com/template/sofeland/ltr/js/counter/counter.js]
[themeht.com/template/sofeland/ltr/js/countdown/jquery.countdown.min.js]
[themeht.com/template/sofeland/ltr/js/canvas.js]
[themeht.com/template/sofeland/ltr/js/confetti.js]
[themeht.com/template/sofeland/ltr/js/snap.svg.js]
[themeht.com/template/sofeland/ltr/js/step.js]
[themeht.com/template/sofeland/ltr/js/contact-form/contact-form.js]
[themeht.com/template/sofeland/ltr/js/wow.min.js]
[themeht.com/template/sofeland/ltr/js/color-customize/color-customizer.js]
[themeht.com/template/sofeland/ltr/js/theme-script.js]
[themeht.com/template/sofeland/ltr/index.html]
[themeht.com/template/sofeland/ltr/css/bootstrap.min.css]
[themeht.com/template/sofeland/ltr/css/animate.css]
[themeht.com/template/sofeland/ltr/fonts/bootstrap-icons0107.woff2]
[themeht.com/template/sofeland/ltr/css/bootstrap-icons.css]
[themeht.com/template/sofeland/ltr/fonts/bootstrap-icons0107.woff]
[themeht.com/template/sofeland/ltr/fonts/flaticon_mycollectionba72.woff2]
[themeht.com/template/sofeland/ltr/fonts/flaticon_mycollectionba72.woff]
[themeht.com/template/sofeland/ltr/fonts/flaticon_mycollectionba72.eot]
[themeht.com/template/sofeland/ltr/css/sofeland-icon.css]
[themeht.com/template/sofeland/ltr/css/magnific-popup/magnific-popup.css]
[themeht.com/template/sofeland/ltr/fonts/flaticon_mycollectionba72.ttf]
[themeht.com/template/sofeland/ltr/css/owl-carousel/owl.video.play.png]
[themeht.com/template/sofeland/ltr/css/owl-carousel/owl.carousel.css]
[themeht.com/template/sofeland/ltr/css/base.css]
[themeht.com/template/sofeland/ltr/css/shortcodes.css]
[themeht.com/template/sofeland/ltr/images/pattern/07.png]
[themeht.com/template/sofeland/ltr/css/style.css]
[themeht.com/template/sofeland/ltr/css/responsive.css]
[themeht.com/template/sofeland/ltr/css/color-customize/color-customizer.css]
[themeht.com/template/sofeland/ltr/index-2.html]
[themeht.com/template/sofeland/ltr/about-us.html]
[themeht.com/template/sofeland/ltr/about-us-2.html]
[themeht.com/template/sofeland/ltr/services.html]
[themeht.com/template/sofeland/ltr/services-2.html]
[themeht.com/template/sofeland/ltr/team.html]
[themeht.com/template/sofeland/ltr/team-single.html]
[themeht.com/template/sofeland/ltr/faq.html]
[themeht.com/template/sofeland/ltr/blog-grid-2.html]
[themeht.com/template/sofeland/ltr/blog-left-sidebar.html]
[themeht.com/template/sofeland/ltr/blog-right-sidebar.html]
[themeht.com/template/sofeland/ltr/blog-single.html]
[themeht.com/template/sofeland/ltr/shortcode-accordions.html]
[themeht.com/template/sofeland/ltr/shortcode-blog-post.html]
[themeht.com/template/sofeland/ltr/shortcode-counter.html]
[themeht.com/template/sofeland/ltr/shortcode-feature-box.html]
[themeht.com/template/sofeland/ltr/shortcode-pricing.html]
[themeht.com/template/sofeland/ltr/shortcode-team.html]
[themeht.com/template/sofeland/ltr/shortcode-testimonial.html]
[themeht.com/template/sofeland/ltr/contact.html]
[themeht.com/template/sofeland/ltr/contact-2.html]
[themeht.com/template/sofeland/ltr/coming-soon.html]
[themeht.com/template/sofeland/ltr/error-404.html]
[themeht.com/template/sofeland/ltr/login.html]
[themeht.com/template/sofeland/ltr/privacy-policy.html]
[themeht.com/template/sofeland/ltr/terms-and-conditions.html]
[themeht.com/template/sofeland/ltr/js/theme.js]
[themeht.com/template/sofeland/ltr/js/owl-carousel/owl.carousel.min.js]
[themeht.com/template/sofeland/ltr/js/magnific-popup/jquery.magnific-popup.min.js]
[themeht.com/template/sofeland/ltr/js/counter/counter.js]
[themeht.com/template/sofeland/ltr/js/countdown/jquery.countdown.min.js]
[themeht.com/template/sofeland/ltr/js/canvas.js]
[themeht.com/template/sofeland/ltr/js/confetti.js]
[themeht.com/template/sofeland/ltr/js/snap.svg.js]
[themeht.com/template/sofeland/ltr/js/step.js]
[themeht.com/template/sofeland/ltr/js/contact-form/contact-form.js]
[themeht.com/template/sofeland/ltr/js/wow.min.js]
[themeht.com/template/sofeland/ltr/js/color-customize/color-customizer.js]
[themeht.com/template/sofeland/ltr/js/theme-script.js]
[themeht.com/template/sofeland/ltr/css/owl-carousel/owl.video.play.html]
[themeht.com/template/sofeland/ltr/images/pattern/07.html]
[themeht.com/template/sofeland/ltr/images/banner/04.html]
[themeht.com/template/sofeland/ltr/images/testimonial/04.html]
[themeht.com/template/sofeland/ltr/images/blog/04.html]
[themeht.com/template/sofeland/ltr/images/blog/05.html]
[themeht.com/template/sofeland/ltr/images/blog/06.html]
[themeht.com/template/sofeland/ltr/images/counter/01.html]
[themeht.com/template/sofeland/ltr/images/counter/02.html]
[themeht.com/template/sofeland/ltr/images/counter/03.html]
[themeht.com/template/sofeland/ltr/images/counter/04.html]
[themeht.com/template/sofeland/ltr/images/blog/blog-thumb/01.html]
[themeht.com/template/sofeland/ltr/images/blog/blog-thumb/02.html]
[themeht.com/template/sofeland/ltr/images/blog/blog-thumb/03.html]
[themeht.com/template/sofeland/ltr/images/about/05.html]
[themeht.com/template/sofeland/ltr/images/pattern/03.html]
[themeht.com/template/sofeland/ltr/images/feature/06.html]
[themeht.com/template/sofeland/ltr/images/feature/07.html]
[themeht.com/template/sofeland/ltr/images/feature/08.html]
[themeht.com/template/sofeland/ltr/images/feature/09.html]
[themeht.com/template/sofeland/ltr/images/blog/large/02.html]
[themeht.com/template/sofeland/ltr/images/blog/large/03.html]
[themeht.com/template/sofeland/ltr/images/blog/large/01.html]
[themeht.com/template/sofeland/ltr/images/thumbnail/01.html]
[themeht.com/template/sofeland/ltr/images/thumbnail/02.html]
[themeht.com/template/sofeland/ltr/images/thumbnail/03.html]
[themeht.com/template/sofeland/ltr/images/feature/04.html]
[themeht.com/template/sofeland/ltr/images/feature/03.html]
[themeht.com/template/sofeland/ltr/images/banner/06.html]
[themeht.com/template/sofeland/ltr/images/logo-white.html]
[themeht.com/template/sofeland/ltr/register.html]
[themeht.com/template/sofeland/ltr/_path.html]
[themeht.com/template/sofeland/ltr/id.html]
[themeht.com/template/sofeland/ltr/php/contact.html]
